// Jest Snapshot v1, https://goo.gl/fbAQLP

exports[`Layout should render correctly 1`] = `
<section
  class="layout"
>
  <aside
    class="sidebar"
  >
    sidebar
  </aside>
  <section
    class="layout vertical"
  >
    <header
      class="header"
    >
      Header
    </header>
    <section
      class="content"
    >
      content
    </section>
  </section>
</section>
`;
